yabadabadoo@sam:~$ git clone https://github.com/sreepathysois/python-demoapp-monitoring.git
Cloning into 'python-demoapp-monitoring'...
remote: Enumerating objects: 616, done.
remote: Counting objects: 100% (6/6), done.
remote: Compressing objects: 100% (6/6), done.
remote: Total 616 (delta 2), reused 0 (delta 0), pack-reused 610 (from 1)
Receiving objects: 100% (616/616), 16.46 MiB | 1.67 MiB/s, done.
Resolving deltas: 100% (278/278), done.
yabadabadoo@sam:~$ sudo apt-get install python3-venv
[sudo] password for yabadabadoo: 
Reading package lists... Done
Building dependency tree... Done
Reading state information... Done
Solving dependencies... Done
The following additional packages will be installed:
  python3-pip-whl python3-setuptools-whl python3.13-venv
The following NEW packages will be installed:
  python3-pip-whl python3-setuptools-whl python3-venv python3.13-venv
0 upgraded, 4 newly installed, 0 to remove and 28 not upgraded.
Need to get 2,605 kB of archives.
After this operation, 2,943 kB of additional disk space will be used.
Do you want to continue? [Y/n] y
Get:1 http://in.archive.ubuntu.com/ubuntu plucky-updates/universe amd64 python3-pip-whl all 25.0+dfsg-1ubuntu0.1 [1,446 kB]
Get:2 http://in.archive.ubuntu.com/ubuntu plucky-updates/universe amd64 python3-setuptools-whl all 75.8.0-1ubuntu1 [1,153 kB]
Get:3 http://in.archive.ubuntu.com/ubuntu plucky-updates/universe amd64 python3.13-venv amd64 3.13.3-1ubuntu0.3 [5,356 B]
Get:4 http://in.archive.ubuntu.com/ubuntu plucky/universe amd64 python3-venv amd64 3.13.3-1 [1,022 B]
Fetched 2,605 kB in 6s (469 kB/s)
Selecting previously unselected package python3-pip-whl.
(Reading database ... 189001 files and directories currently installed.)
Preparing to unpack .../python3-pip-whl_25.0+dfsg-1ubuntu0.1_all.deb ...
Unpacking python3-pip-whl (25.0+dfsg-1ubuntu0.1) ...
Selecting previously unselected package python3-setuptools-whl.
Preparing to unpack .../python3-setuptools-whl_75.8.0-1ubuntu1_all.deb ...
Unpacking python3-setuptools-whl (75.8.0-1ubuntu1) ...
Selecting previously unselected package python3.13-venv.
Preparing to unpack .../python3.13-venv_3.13.3-1ubuntu0.3_amd64.deb ...
Unpacking python3.13-venv (3.13.3-1ubuntu0.3) ...
Selecting previously unselected package python3-venv.
Preparing to unpack .../python3-venv_3.13.3-1_amd64.deb ...
Unpacking python3-venv (3.13.3-1) ...
Setting up python3-setuptools-whl (75.8.0-1ubuntu1) ...
Setting up python3-pip-whl (25.0+dfsg-1ubuntu0.1) ...
Setting up python3.13-venv (3.13.3-1ubuntu0.3) ...
Setting up python3-venv (3.13.3-1) ...
yabadabadoo@sam:~$ sudo python3 -m venv src/.myvenv
yabadabadoo@sam:~$ sudo src/.myvenv/bin/activate
sudo: src/.myvenv/bin/activate: command not found
yabadabadoo@sam:~$ sudo src /.myvenv/bin/activate
sudo: src: command not found
yabadabadoo@sam:~$ source src/.myvenv/bin/activate
(.myvenv) yabadabadoo@sam:~$ sudo chown -R yabadabadoo:yabadabadoo .
(.myvenv) yabadabadoo@sam:~$ sudo pip3 install -r requirements.txt
error: externally-managed-environment

× This environment is externally managed
╰─> To install Python packages system-wide, try apt install
    python3-xyz, where xyz is the package you are trying to
    install.
    
    If you wish to install a non-Debian-packaged Python package,
    create a virtual environment using python3 -m venv path/to/venv.
    Then use path/to/venv/bin/python and path/to/venv/bin/pip. Make
    sure you have python3-full installed.
    
    If you wish to install a non-Debian packaged Python application,
    it may be easiest to use pipx install xyz, which will manage a
    virtual environment for you. Make sure you have pipx installed.
    
    See /usr/share/doc/python3.13/README.venv for more information.

note: If you believe this is a mistake, please contact your Python installation or OS distribution provider. You can override this, at the risk of breaking your Python installation or OS, by passing --break-system-packages.
hint: See PEP 668 for the detailed specification.
(.myvenv) yabadabadoo@sam:~$ sudo apt-get install python3-pip
Reading package lists... Done
Building dependency tree... Done
Reading state information... Done
python3-pip is already the newest version (25.0+dfsg-1ubuntu0.1).
Solving dependencies... Done
0 upgraded, 0 newly installed, 0 to remove and 28 not upgraded.
(.myvenv) yabadabadoo@sam:~$ sudo apt-get install python3-pip3
Reading package lists... Done
Building dependency tree... Done
Reading state information... Done
E: Unable to locate package python3-pip3
(.myvenv) yabadabadoo@sam:~$ sudo pip3 install -r requirements.txt
error: externally-managed-environment

× This environment is externally managed
╰─> To install Python packages system-wide, try apt install
    python3-xyz, where xyz is the package you are trying to
    install.
    
    If you wish to install a non-Debian-packaged Python package,
    create a virtual environment using python3 -m venv path/to/venv.
    Then use path/to/venv/bin/python and path/to/venv/bin/pip. Make
    sure you have python3-full installed.
    
    If you wish to install a non-Debian packaged Python application,
    it may be easiest to use pipx install xyz, which will manage a
    virtual environment for you. Make sure you have pipx installed.
    
    See /usr/share/doc/python3.13/README.venv for more information.

note: If you believe this is a mistake, please contact your Python installation or OS distribution provider. You can override this, at the risk of breaking your Python installation or OS, by passing --break-system-packages.
hint: See PEP 668 for the detailed specification.
(.myvenv) yabadabadoo@sam:~$ ls
Desktop  docker-layer-demo  Documents  Downloads  Music  Pictures  Public  python-demoapp-monitoring  snap  src  Templates  Videos
(.myvenv) yabadabadoo@sam:~$ cd python-demoapp-monitoring/
(.myvenv) yabadabadoo@sam:~/python-demoapp-monitoring$ ls
build  CONTRIBUTING.md  deploy  LICENSE  makefile  README.md  src  tests
(.myvenv) yabadabadoo@sam:~/python-demoapp-monitoring$ cd src
(.myvenv) yabadabadoo@sam:~/python-demoapp-monitoring/src$ ls
app  requirements.txt  run.py
(.myvenv) yabadabadoo@sam:~/python-demoapp-monitoring/src$ sudo pip3 install -r requirements.txt
error: externally-managed-environment

× This environment is externally managed
╰─> To install Python packages system-wide, try apt install
    python3-xyz, where xyz is the package you are trying to
    install.
    
    If you wish to install a non-Debian-packaged Python package,
    create a virtual environment using python3 -m venv path/to/venv.
    Then use path/to/venv/bin/python and path/to/venv/bin/pip. Make
    sure you have python3-full installed.
    
    If you wish to install a non-Debian packaged Python application,
    it may be easiest to use pipx install xyz, which will manage a
    virtual environment for you. Make sure you have pipx installed.
    
    See /usr/share/doc/python3.13/README.venv for more information.

note: If you believe this is a mistake, please contact your Python installation or OS distribution provider. You can override this, at the risk of breaking your Python installation or OS, by passing --break-system-packages.
hint: See PEP 668 for the detailed specification.
(.myvenv) yabadabadoo@sam:~/python-demoapp-monitoring/src$ sudo nano requirements.txt 
(.myvenv) yabadabadoo@sam:~/python-demoapp-monitoring/src$ pip3 install -r requirements.txt
Collecting Flask==2.2.2 (from -r requirements.txt (line 8))
  Downloading Flask-2.2.2-py3-none-any.whl.metadata (3.9 kB)
Collecting py-cpuinfo==8.0.0 (from -r requirements.txt (line 9))
  Downloading py-cpuinfo-8.0.0.tar.gz (99 kB)
  Installing build dependencies ... done
  Getting requirements to build wheel ... done
  Preparing metadata (pyproject.toml) ... done
Collecting psutil==5.9.0 (from -r requirements.txt (line 10))
  Downloading psutil-5.9.0.tar.gz (478 kB)
  Installing build dependencies ... done
  Getting requirements to build wheel ... done
  Preparing metadata (pyproject.toml) ... done
Collecting gunicorn==20.1.0 (from -r requirements.txt (line 11))
  Downloading gunicorn-20.1.0-py3-none-any.whl.metadata (3.8 kB)
Collecting black==22.3.0 (from -r requirements.txt (line 12))
  Downloading black-22.3.0-py3-none-any.whl.metadata (45 kB)
Collecting flake8==4.0.1 (from -r requirements.txt (line 13))
  Downloading flake8-4.0.1-py2.py3-none-any.whl.metadata (4.0 kB)
Collecting pytest==7.1.2 (from -r requirements.txt (line 14))
  Downloading pytest-7.1.2-py3-none-any.whl.metadata (7.8 kB)
Collecting Werkzeug==2.2.2 (from -r requirements.txt (line 15))
  Downloading Werkzeug-2.2.2-py3-none-any.whl.metadata (4.4 kB)
Collecting Jinja2>=3.0 (from Flask==2.2.2->-r requirements.txt (line 8))
  Downloading jinja2-3.1.6-py3-none-any.whl.metadata (2.9 kB)
Collecting itsdangerous>=2.0 (from Flask==2.2.2->-r requirements.txt (line 8))
  Downloading itsdangerous-2.2.0-py3-none-any.whl.metadata (1.9 kB)
Collecting click>=8.0 (from Flask==2.2.2->-r requirements.txt (line 8))
  Downloading click-8.2.1-py3-none-any.whl.metadata (2.5 kB)
Collecting setuptools>=3.0 (from gunicorn==20.1.0->-r requirements.txt (line 11))
  Using cached setuptools-80.9.0-py3-none-any.whl.metadata (6.6 kB)
Collecting platformdirs>=2 (from black==22.3.0->-r requirements.txt (line 12))
  Downloading platformdirs-4.4.0-py3-none-any.whl.metadata (12 kB)
Collecting pathspec>=0.9.0 (from black==22.3.0->-r requirements.txt (line 12))
  Downloading pathspec-0.12.1-py3-none-any.whl.metadata (21 kB)
Collecting mypy-extensions>=0.4.3 (from black==22.3.0->-r requirements.txt (line 12))
  Downloading mypy_extensions-1.1.0-py3-none-any.whl.metadata (1.1 kB)
Collecting mccabe<0.7.0,>=0.6.0 (from flake8==4.0.1->-r requirements.txt (line 13))
  Downloading mccabe-0.6.1-py2.py3-none-any.whl.metadata (4.3 kB)
Collecting pycodestyle<2.9.0,>=2.8.0 (from flake8==4.0.1->-r requirements.txt (line 13))
  Downloading pycodestyle-2.8.0-py2.py3-none-any.whl.metadata (31 kB)
Collecting pyflakes<2.5.0,>=2.4.0 (from flake8==4.0.1->-r requirements.txt (line 13))
  Downloading pyflakes-2.4.0-py2.py3-none-any.whl.metadata (3.9 kB)
Collecting attrs>=19.2.0 (from pytest==7.1.2->-r requirements.txt (line 14))
  Downloading attrs-25.3.0-py3-none-any.whl.metadata (10 kB)
Collecting iniconfig (from pytest==7.1.2->-r requirements.txt (line 14))
  Downloading iniconfig-2.1.0-py3-none-any.whl.metadata (2.7 kB)
Collecting packaging (from pytest==7.1.2->-r requirements.txt (line 14))
  Downloading packaging-25.0-py3-none-any.whl.metadata (3.3 kB)
Collecting pluggy<2.0,>=0.12 (from pytest==7.1.2->-r requirements.txt (line 14))
  Downloading pluggy-1.6.0-py3-none-any.whl.metadata (4.8 kB)
Collecting py>=1.8.2 (from pytest==7.1.2->-r requirements.txt (line 14))
  Downloading py-1.11.0-py2.py3-none-any.whl.metadata (2.8 kB)
Collecting tomli>=1.0.0 (from pytest==7.1.2->-r requirements.txt (line 14))
  Downloading tomli-2.2.1-cp313-cp313-manylinux_2_17_x86_64.manylinux2014_x86_64.whl.metadata (11 kB)
Collecting MarkupSafe>=2.1.1 (from Werkzeug==2.2.2->-r requirements.txt (line 15))
  Downloading MarkupSafe-3.0.2-cp313-cp313-manylinux_2_17_x86_64.manylinux2014_x86_64.whl.metadata (4.0 kB)
Downloading Flask-2.2.2-py3-none-any.whl (101 kB)
Downloading gunicorn-20.1.0-py3-none-any.whl (79 kB)
Downloading black-22.3.0-py3-none-any.whl (153 kB)
Downloading flake8-4.0.1-py2.py3-none-any.whl (64 kB)
Downloading pytest-7.1.2-py3-none-any.whl (297 kB)
Downloading Werkzeug-2.2.2-py3-none-any.whl (232 kB)
Downloading attrs-25.3.0-py3-none-any.whl (63 kB)
Downloading click-8.2.1-py3-none-any.whl (102 kB)
Downloading itsdangerous-2.2.0-py3-none-any.whl (16 kB)
Downloading jinja2-3.1.6-py3-none-any.whl (134 kB)
Downloading MarkupSafe-3.0.2-cp313-cp313-manylinux_2_17_x86_64.manylinux2014_x86_64.whl (23 kB)
Downloading mccabe-0.6.1-py2.py3-none-any.whl (8.6 kB)
Downloading mypy_extensions-1.1.0-py3-none-any.whl (5.0 kB)
Downloading pathspec-0.12.1-py3-none-any.whl (31 kB)
Downloading platformdirs-4.4.0-py3-none-any.whl (18 kB)
Downloading pluggy-1.6.0-py3-none-any.whl (20 kB)
Downloading py-1.11.0-py2.py3-none-any.whl (98 kB)
Downloading pycodestyle-2.8.0-py2.py3-none-any.whl (42 kB)
Downloading pyflakes-2.4.0-py2.py3-none-any.whl (69 kB)
Using cached setuptools-80.9.0-py3-none-any.whl (1.2 MB)
Downloading tomli-2.2.1-cp313-cp313-manylinux_2_17_x86_64.manylinux2014_x86_64.whl (241 kB)
Downloading iniconfig-2.1.0-py3-none-any.whl (6.0 kB)
Downloading packaging-25.0-py3-none-any.whl (66 kB)
Building wheels for collected packages: py-cpuinfo, psutil
  Building wheel for py-cpuinfo (pyproject.toml) ... done
  Created wheel for py-cpuinfo: filename=py_cpuinfo-8.0.0-py3-none-any.whl size=22314 sha256=db936d22b7d3560d216d37e788e6d7d356e2551c31aeff3f9f484849965c92cc
  Stored in directory: /home/yabadabadoo/.cache/pip/wheels/71/2f/67/4a799cfe78dfc9e8bc871beaaff6fd9e3c2fafe6a6619971c1
  Building wheel for psutil (pyproject.toml) ... done
  Created wheel for psutil: filename=psutil-5.9.0-cp313-cp313-linux_x86_64.whl size=286758 sha256=9aef6524e4dd9baa3d1201cacfca901512c3903492e146412102f91a07f1958a
  Stored in directory: /home/yabadabadoo/.cache/pip/wheels/f3/b2/57/50ed0dd712e747a1a82b31f6e11ff373394c1cd34accaee7f7
Successfully built py-cpuinfo psutil
Installing collected packages: py-cpuinfo, mccabe, tomli, setuptools, pyflakes, pycodestyle, py, psutil, pluggy, platformdirs, pathspec, packaging, mypy-extensions, MarkupSafe, itsdangerous, iniconfig, click, attrs, Werkzeug, pytest, Jinja2, gunicorn, flake8, black, Flask
Successfully installed Flask-2.2.2 Jinja2-3.1.6 MarkupSafe-3.0.2 Werkzeug-2.2.2 attrs-25.3.0 black-22.3.0 click-8.2.1 flake8-4.0.1 gunicorn-20.1.0 iniconfig-2.1.0 itsdangerous-2.2.0 mccabe-0.6.1 mypy-extensions-1.1.0 packaging-25.0 pathspec-0.12.1 platformdirs-4.4.0 pluggy-1.6.0 psutil-5.9.0 py-1.11.0 py-cpuinfo-8.0.0 pycodestyle-2.8.0 pyflakes-2.4.0 pytest-7.1.2 setuptools-80.9.0 tomli-2.2.1
(.myvenv) yabadabadoo@sam:~/python-demoapp-monitoring/src$ pytest -v --junitxml == test-results.txt
======================================================================= test session starts =======================================================================
platform linux -- Python 3.13.3, pytest-7.1.2, pluggy-1.6.0 -- /home/yabadabadoo/src/.myvenv/bin/python3
cachedir: .pytest_cache
rootdir: /home/yabadabadoo/python-demoapp-monitoring/src
collected 0 items                                                                                                                                                 

--------------------------------------------- generated xml file: /home/yabadabadoo/python-demoapp-monitoring/src/== ----------------------------------------------
====================================================================== no tests ran in 0.00s ======================================================================
ERROR: file or directory not found: test-results.txt

(.myvenv) yabadabadoo@sam:~/python-demoapp-monitoring/src$ ls
'=='   app   requirements.txt   run.py
(.myvenv) yabadabadoo@sam:~/python-demoapp-monitoring/src$ sudo rm -rf =
(.myvenv) yabadabadoo@sam:~/python-demoapp-monitoring/src$ ls
'=='   app   requirements.txt   run.py
(.myvenv) yabadabadoo@sam:~/python-demoapp-monitoring/src$ cd app
(.myvenv) yabadabadoo@sam:~/python-demoapp-monitoring/src/app$ ls
apis.py  conftest.py  __init__.py  static  templates  tests  views.py
(.myvenv) yabadabadoo@sam:~/python-demoapp-monitoring/src/app$ cd tests
(.myvenv) yabadabadoo@sam:~/python-demoapp-monitoring/src/app/tests$ ls
test_api.py  test_views.py
(.myvenv) yabadabadoo@sam:~/python-demoapp-monitoring/src/app/tests$ cd ..
(.myvenv) yabadabadoo@sam:~/python-demoapp-monitoring/src/app$ cd ..
(.myvenv) yabadabadoo@sam:~/python-demoapp-monitoring/src$ cd ..
(.myvenv) yabadabadoo@sam:~/python-demoapp-monitoring$ ls
build  CONTRIBUTING.md  deploy  LICENSE  makefile  README.md  src  tests
(.myvenv) yabadabadoo@sam:~/python-demoapp-monitoring$ cd build
(.myvenv) yabadabadoo@sam:~/python-demoapp-monitoring/build$ ls
Dockerfile
(.myvenv) yabadabadoo@sam:~/python-demoapp-monitoring/build$ cd ..
(.myvenv) yabadabadoo@sam:~/python-demoapp-monitoring$ cd tests
(.myvenv) yabadabadoo@sam:~/python-demoapp-monitoring/tests$ ls
postman_collection.json
(.myvenv) yabadabadoo@sam:~/python-demoapp-monitoring/tests$ cd ..
(.myvenv) yabadabadoo@sam:~/python-demoapp-monitoring$ ls
build  CONTRIBUTING.md  deploy  LICENSE  makefile  README.md  src  tests
(.myvenv) yabadabadoo@sam:~/python-demoapp-monitoring$ cd src
(.myvenv) yabadabadoo@sam:~/python-demoapp-monitoring/src$ ls
'=='   app   requirements.txt   run.py
(.myvenv) yabadabadoo@sam:~/python-demoapp-monitoring/src$ cd app
(.myvenv) yabadabadoo@sam:~/python-demoapp-monitoring/src/app$ ls
apis.py  conftest.py  __init__.py  static  templates  tests  views.py
(.myvenv) yabadabadoo@sam:~/python-demoapp-monitoring/src/app$ cd static
(.myvenv) yabadabadoo@sam:~/python-demoapp-monitoring/src/app/static$ ls
css  img  js
(.myvenv) yabadabadoo@sam:~/python-demoapp-monitoring/src/app/static$ cd ..
(.myvenv) yabadabadoo@sam:~/python-demoapp-monitoring/src/app$ 
(.myvenv) yabadabadoo@sam:~/python-demoapp-monitoring/src/app$ ls
apis.py  conftest.py  __init__.py  static  templates  tests  views.py
(.myvenv) yabadabadoo@sam:~/python-demoapp-monitoring/src/app$ cd templates
(.myvenv) yabadabadoo@sam:~/python-demoapp-monitoring/src/app/templates$ ls
base.html  index.html  info.html  monitor.html
(.myvenv) yabadabadoo@sam:~/python-demoapp-monitoring/src/app/templates$ cd ..
(.myvenv) yabadabadoo@sam:~/python-demoapp-monitoring/src/app$ ls
apis.py  conftest.py  __init__.py  static  templates  tests  views.py
(.myvenv) yabadabadoo@sam:~/python-demoapp-monitoring/src/app$ cd ..
(.myvenv) yabadabadoo@sam:~/python-demoapp-monitoring/src$ ls
'=='   app   requirements.txt   run.py
(.myvenv) yabadabadoo@sam:~/python-demoapp-monitoring/src$ pytest -v --junitxml = test-results.xml
======================================================================= test session starts =======================================================================
platform linux -- Python 3.13.3, pytest-7.1.2, pluggy-1.6.0 -- /home/yabadabadoo/src/.myvenv/bin/python3
cachedir: .pytest_cache
rootdir: /home/yabadabadoo/python-demoapp-monitoring/src
collected 0 items                                                                                                                                                 

---------------------------------------------- generated xml file: /home/yabadabadoo/python-demoapp-monitoring/src/= ----------------------------------------------
====================================================================== no tests ran in 0.00s ======================================================================
ERROR: file or directory not found: test-results.xml

(.myvenv) yabadabadoo@sam:~/python-demoapp-monitoring/src$ pytest -v --junitxml  test-results.xml
======================================================================= test session starts =======================================================================
platform linux -- Python 3.13.3, pytest-7.1.2, pluggy-1.6.0 -- /home/yabadabadoo/src/.myvenv/bin/python3
cachedir: .pytest_cache
rootdir: /home/yabadabadoo/python-demoapp-monitoring/src
collected 5 items                                                                                                                                                 

app/tests/test_api.py::test_api_process PASSED                                                                                                              [ 20%]
app/tests/test_api.py::test_api_monitor PASSED                                                                                                              [ 40%]
app/tests/test_views.py::test_home PASSED                                                                                                                   [ 60%]
app/tests/test_views.py::test_page_content PASSED                                                                                                           [ 80%]
app/tests/test_views.py::test_info PASSED                                                                                                                   [100%]

======================================================================== warnings summary =========================================================================
../../src/.myvenv/lib/python3.13/site-packages/werkzeug/routing/rules.py:726: 13 warnings
  /home/yabadabadoo/src/.myvenv/lib/python3.13/site-packages/werkzeug/routing/rules.py:726: DeprecationWarning: ast.Str is deprecated and will be removed in Python 3.14; use ast.Constant instead
    parts = parts or [ast.Str("")]

../../src/.myvenv/lib/python3.13/site-packages/werkzeug/routing/rules.py:723: 32 warnings
  /home/yabadabadoo/src/.myvenv/lib/python3.13/site-packages/werkzeug/routing/rules.py:723: DeprecationWarning: ast.Str is deprecated and will be removed in Python 3.14; use ast.Constant instead
    _convert(elem) if is_dynamic else ast.Str(s=elem)

../../../../usr/lib/python3.13/ast.py:608: 32 warnings
  /usr/lib/python3.13/ast.py:608: DeprecationWarning: Constant.__init__ got an unexpected keyword argument 's'. Support for arbitrary keyword arguments is deprecated and will be removed in Python 3.15.
    return Constant(*args, **kwargs)

../../../../usr/lib/python3.13/ast.py:608: 32 warnings
  /usr/lib/python3.13/ast.py:608: DeprecationWarning: Attribute s is deprecated and will be removed in Python 3.14; use value instead
    return Constant(*args, **kwargs)

../../../../usr/lib/python3.13/ast.py:608: 32 warnings
  /usr/lib/python3.13/ast.py:608: DeprecationWarning: Constant.__init__ missing 1 required positional argument: 'value'. This will become an error in Python 3.15.
    return Constant(*args, **kwargs)

../../src/.myvenv/lib/python3.13/site-packages/werkzeug/routing/rules.py:730: 42 warnings
  /home/yabadabadoo/src/.myvenv/lib/python3.13/site-packages/werkzeug/routing/rules.py:730: DeprecationWarning: ast.Str is deprecated and will be removed in Python 3.14; use ast.Constant instead
    if isinstance(p, ast.Str) and isinstance(ret[-1], ast.Str):

../../src/.myvenv/lib/python3.13/site-packages/werkzeug/routing/rules.py:731: 40 warnings
  /home/yabadabadoo/src/.myvenv/lib/python3.13/site-packages/werkzeug/routing/rules.py:731: DeprecationWarning: Attribute s is deprecated and will be removed in Python 3.14; use value instead
    ret[-1] = ast.Str(ret[-1].s + p.s)

../../src/.myvenv/lib/python3.13/site-packages/werkzeug/routing/rules.py:731: 20 warnings
  /home/yabadabadoo/src/.myvenv/lib/python3.13/site-packages/werkzeug/routing/rules.py:731: DeprecationWarning: ast.Str is deprecated and will be removed in Python 3.14; use ast.Constant instead
    ret[-1] = ast.Str(ret[-1].s + p.s)

../../src/.myvenv/lib/python3.13/site-packages/_pytest/assertion/rewrite.py:962: 10 warnings
  /home/yabadabadoo/src/.myvenv/lib/python3.13/site-packages/_pytest/assertion/rewrite.py:962: DeprecationWarning: ast.Str is deprecated and will be removed in Python 3.14; use ast.Constant instead
    inlocs = ast.Compare(ast.Str(name.id), [ast.In()], [locs])

../../src/.myvenv/lib/python3.13/site-packages/_pytest/assertion/rewrite.py:965: 10 warnings
  /home/yabadabadoo/src/.myvenv/lib/python3.13/site-packages/_pytest/assertion/rewrite.py:965: DeprecationWarning: ast.Str is deprecated and will be removed in Python 3.14; use ast.Constant instead
    expr = ast.IfExp(test, self.display(name), ast.Str(name.id))

../../src/.myvenv/lib/python3.13/site-packages/_pytest/assertion/rewrite.py:1075: 20 warnings
  /home/yabadabadoo/src/.myvenv/lib/python3.13/site-packages/_pytest/assertion/rewrite.py:1075: DeprecationWarning: ast.Str is deprecated and will be removed in Python 3.14; use ast.Constant instead
    syms.append(ast.Str(sym))

../../src/.myvenv/lib/python3.13/site-packages/_pytest/assertion/rewrite.py:1077: 20 warnings
  /home/yabadabadoo/src/.myvenv/lib/python3.13/site-packages/_pytest/assertion/rewrite.py:1077: DeprecationWarning: ast.Str is deprecated and will be removed in Python 3.14; use ast.Constant instead
    expls.append(ast.Str(expl))

../../src/.myvenv/lib/python3.13/site-packages/_pytest/assertion/rewrite.py:826: 72 warnings
  /home/yabadabadoo/src/.myvenv/lib/python3.13/site-packages/_pytest/assertion/rewrite.py:826: DeprecationWarning: ast.Str is deprecated and will be removed in Python 3.14; use ast.Constant instead
    keys = [ast.Str(key) for key in current.keys()]

../../src/.myvenv/lib/python3.13/site-packages/_pytest/assertion/rewrite.py:936: 20 warnings
  /home/yabadabadoo/src/.myvenv/lib/python3.13/site-packages/_pytest/assertion/rewrite.py:936: DeprecationWarning: ast.Str is deprecated and will be removed in Python 3.14; use ast.Constant instead
    assertmsg = ast.Str("")

../../src/.myvenv/lib/python3.13/site-packages/_pytest/assertion/rewrite.py:938: 20 warnings
  /home/yabadabadoo/src/.myvenv/lib/python3.13/site-packages/_pytest/assertion/rewrite.py:938: DeprecationWarning: ast.Str is deprecated and will be removed in Python 3.14; use ast.Constant instead
    template = ast.BinOp(assertmsg, ast.Add(), ast.Str(explanation))

../../src/.myvenv/lib/python3.13/site-packages/_pytest/assertion/rewrite.py:950: 21 warnings
  /home/yabadabadoo/src/.myvenv/lib/python3.13/site-packages/_pytest/assertion/rewrite.py:950: DeprecationWarning: ast.NameConstant is deprecated and will be removed in Python 3.14; use ast.Constant instead
    clear = ast.Assign(variables, ast.NameConstant(None))

-- Docs: https://docs.pytest.org/en/stable/how-to/capture-warnings.html
-------------------------------------- generated xml file: /home/yabadabadoo/python-demoapp-monitoring/src/test-results.xml ---------------------------------------
================================================================= 5 passed, 436 warnings in 2.45s =================================================================
(.myvenv) yabadabadoo@sam:~/python-demoapp-monitoring/src$ python3 run.py
 * Serving Flask app 'app'
 * Debug mode: off
WARNING: This is a development server. Do not use it in a production deployment. Use a production WSGI server instead.
 * Running on all addresses (0.0.0.0)
 * Running on http://127.0.0.1:5000
 * Running on http://192.168.50.128:5000
Press CTRL+C to quit
192.168.50.128 - - [04/Sep/2025 15:39:19] "GET / HTTP/1.1" 200 -
192.168.50.128 - - [04/Sep/2025 15:39:19] "GET /static/css/main.css HTTP/1.1" 200 -
192.168.50.128 - - [04/Sep/2025 15:39:20] "GET /static/img/flask.png HTTP/1.1" 200 -
192.168.50.128 - - [04/Sep/2025 15:39:20] "GET /static/img/github-2.svg HTTP/1.1" 200 -
192.168.50.128 - - [04/Sep/2025 15:39:20] "GET /static/img/docker-whale.svg HTTP/1.1" 200 -
192.168.50.128 - - [04/Sep/2025 15:39:20] "GET /static/img/python.svg HTTP/1.1" 200 -
192.168.50.128 - - [04/Sep/2025 15:39:22] "GET /static/img/favicon.ico HTTP/1.1" 200 -
^X^C(.myvenv) yabadabadoo@sam:~/python-demoapp-monitoring/src$ ^C
(.myvenv) yabadabadoo@sam:~/python-demoapp-monitoring/src$ 
